src/components/Sidebar.tsx(6,7): error TS6133: 'toTitleCase' is declared but its value is never read.
src/components/Sidebar.tsx(270,11): error TS6133: 'filterOptions' is declared but its value is never read.
src/components/Sidebar.tsx(336,22): error TS2304: Cannot find name 'X'.
src/components/Sidebar.tsx(353,42): error TS2304: Cannot find name 'nivelOptions'.
src/components/Sidebar.tsx(355,53): error TS2304: Cannot find name 'handleFilterChange'.
src/components/Sidebar.tsx(360,42): error TS2304: Cannot find name 'sectorOptions'.
src/components/Sidebar.tsx(362,53): error TS2304: Cannot find name 'handleFilterChange'.
src/components/Sidebar.tsx(367,42): error TS2304: Cannot find name 'modalidadOptions'.
src/components/Sidebar.tsx(369,53): error TS2304: Cannot find name 'handleFilterChange'.
src/components/Sidebar.tsx(379,42): error TS2304: Cannot find name 'areaConocimientoOptions'.
src/components/Sidebar.tsx(381,53): error TS2304: Cannot find name 'handleFilterChange'.
src/components/Sidebar.tsx(387,42): error TS2304: Cannot find name 'nucleoBasicoOptions'.
src/components/Sidebar.tsx(389,53): error TS2304: Cannot find name 'handleFilterChange'.
src/components/Sidebar.tsx(400,42): error TS2304: Cannot find name 'amplioOptions'.
src/components/Sidebar.tsx(402,53): error TS2304: Cannot find name 'handleFilterChange'.
src/components/Sidebar.tsx(408,42): error TS2304: Cannot find name 'especificoOptions'.
src/components/Sidebar.tsx(410,53): error TS2304: Cannot find name 'handleFilterChange'.
src/components/Sidebar.tsx(416,42): error TS2304: Cannot find name 'detalladoOptions'.
src/components/Sidebar.tsx(418,53): error TS2304: Cannot find name 'handleFilterChange'.
src/components/Sidebar.tsx(450,53): error TS2304: Cannot find name 'handleFilterChange'.
src/components/Sidebar.tsx(458,53): error TS2304: Cannot find name 'handleFilterChange'.
src/components/Sidebar.tsx(466,53): error TS2304: Cannot find name 'handleFilterChange'.
src/components/Sidebar.tsx(474,53): error TS2304: Cannot find name 'handleFilterChange'.
src/components/Sidebar.tsx(485,42): error TS2304: Cannot find name 'nivelOptions'.
src/components/Sidebar.tsx(487,53): error TS2304: Cannot find name 'handleFilterChange'.
src/components/Sidebar.tsx(492,42): error TS2304: Cannot find name 'sectorOptions'.
src/components/Sidebar.tsx(494,53): error TS2304: Cannot find name 'handleFilterChange'.
src/components/Sidebar.tsx(499,42): error TS2304: Cannot find name 'modalidadOptions'.
src/components/Sidebar.tsx(501,53): error TS2304: Cannot find name 'handleFilterChange'.
src/components/Sidebar.tsx(511,42): error TS2304: Cannot find name 'areaConocimientoOptions'.
src/components/Sidebar.tsx(513,53): error TS2304: Cannot find name 'handleFilterChange'.
src/components/Sidebar.tsx(519,42): error TS2304: Cannot find name 'nucleoBasicoOptions'.
src/components/Sidebar.tsx(521,53): error TS2304: Cannot find name 'handleFilterChange'.
src/components/Sidebar.tsx(532,42): error TS2304: Cannot find name 'amplioOptions'.
src/components/Sidebar.tsx(534,53): error TS2304: Cannot find name 'handleFilterChange'.
src/components/Sidebar.tsx(540,42): error TS2304: Cannot find name 'especificoOptions'.
src/components/Sidebar.tsx(542,53): error TS2304: Cannot find name 'handleFilterChange'.
src/components/Sidebar.tsx(548,42): error TS2304: Cannot find name 'detalladoOptions'.
src/components/Sidebar.tsx(550,53): error TS2304: Cannot find name 'handleFilterChange'.
src/components/Sidebar.tsx(572,22): error TS2304: Cannot find name 'Settings'.
src/services/api.ts(19,5): error TS2300: Duplicate identifier 'area_de_conocimiento'.
src/services/api.ts(20,5): error TS2300: Duplicate identifier 'nucleo_basico_del_conocimiento'.
src/services/api.ts(25,5): error TS2300: Duplicate identifier 'area_de_conocimiento'.
src/services/api.ts(26,5): error TS2300: Duplicate identifier 'nucleo_basico_del_conocimiento'.
