
--- TEST SIMILITUD PARA: "ADMINISTRACION DE EMPRESAS" (SNIES: 2051) ---
Tokens identificados: [administracion, empresas]
TOP 5 SEMEJANTES ENCONTRADOS:
1. ADMINISTRACION DE EMPRESAS | SNIES: 102847 | POLITECNICO GRANCOLOMBIANO
2. MAESTRIA EN ADMINISTRACION DE EMPRESAS DE SALUD MBA EN SALUD | SNIES: 102894 | UNIVERSIDAD EAN
3. ADMINISTRACION DE EMPRESAS | SNIES: 108420 | FUNDACION DE EDUCACION SUPERIOR SAN JOSE FESSANJOSE
4. ADMINISTRACION DE EMPRESAS | SNIES: 109517 | FUNDACION UNIVERSITARIA COMPENSAR
5. ADMINISTRACION DE EMPRESAS AGROPECUARIAS | SNIES: 7214 | UNIVERSIDAD SANTO TOMAS

Total semejantes detectados en base de datos: 10
--------------------------------------------------

